
> vite_react_shadcn_ts@0.0.0 build
> vite build

[36mvite v6.4.2 [32mbuilding for production...[36m[39m
transforming...
[32m✓[39m 7 modules transformed.
[31m✗[39m Build failed in 548ms
[31merror during build:
[31m[vite:esbuild] Transform failed with 1 error:
D:/MY Web apps/SosrG/SosrG/src/pages/Events.tsx:106:16: ERROR: Unexpected closing "div" tag does not match opening "motion.div" tag[31m
file: [36mD:/MY Web apps/SosrG/SosrG/src/pages/Events.tsx:106:16[31m
[33m
[33mUnexpected closing "div" tag does not match opening "motion.div" tag[33m
104|                    </div>
105|                  </div>
106|                </div>
   |                  ^
107|              ))}
108|            </div>
[31m
    at failureErrorWithLog (D:\MY Web apps\SosrG\SosrG\node_modules\esbuild\lib\main.js:1467:15)
    at D:\MY Web apps\SosrG\SosrG\node_modules\esbuild\lib\main.js:736:50
    at responseCallbacks.<computed> (D:\MY Web apps\SosrG\SosrG\node_modules\esbuild\lib\main.js:603:9)
    at handleIncomingPacket (D:\MY Web apps\SosrG\SosrG\node_modules\esbuild\lib\main.js:658:12)
    at Socket.readFromStdout (D:\MY Web apps\SosrG\SosrG\node_modules\esbuild\lib\main.js:581:7)
    at Socket.emit (node:events:518:28)
    at addChunk (node:internal/streams/readable:561:12)
    at readableAddChunkPushByteMode (node:internal/streams/readable:512:3)
    at Readable.push (node:internal/streams/readable:392:5)
    at Pipe.onStreamRead (node:internal/stream_base_commons:189:23)[39m
